// Jest Snapshot v1, https://goo.gl/fbAQLP

exports[`matches snapshot 1`] = `
<DocumentFragment>
  <form>
    <div
      class="form-group d-flex"
    >
      <label
        for="text"
      />
      <input
        class="form-control"
        id="text"
        name="text"
        placeholder="Walk the dog"
        required=""
        type="text"
        value=""
      />
      <button
        class="btn btn-primary col-sm-4 col-md-2"
      >
        Add Todo
      </button>
    </div>
  </form>
</DocumentFragment>
`;
